[01] OK  Flohr, Salo - Vanek, Karel  (235.2s)
[02] OK  Flohr, Salo - Rellstab, Ludwig  (264.0s)
[03] OK  Mikenas, Vladas - Bogoljubov, Efim  (432.0s)
[04] OK  Tjurn, I. - Mikenas, Vladas  (257.3s)
[05] OK  Mikenas, Vladas - Petrov, L.  (317.8s)
[06] FAIL 'charmap' codec can't encode character '\ufffd' in position 25: character maps to <undefined> (296.9s)
[07] FAIL 'charmap' codec can't encode character '\ufffd' in position 25: character maps to <undefined> (342.8s)
[08] FAIL 'charmap' codec can't encode character '\ufffd' in position 25: character maps to <undefined> (141.8s)
[09] OK  Knorr, V. - Chigorin, Mikhail  (104.8s)
[10] OK  Chigorin, Mikhail - Urusov, N.  (227.5s)
[11] OK  Janowsky, David - Goetz, T.  (264.3s)
[12] OK  Sittenfeld - Janowsky, David  (383.7s)
[13] OK  Janowsky, David - Steinitz, W.  (232.2s)
[14] OK  Schlechter, C. - Duras, O.  (439.2s)
[15] FAIL 'charmap' codec can't encode character '\ufffd' in position 25: character maps to <undefined> (169.3s)
[16] OK  Blechschmidt - Flohr, Salo  (388.0s)
[17] OK  Flohr, Salo - Botvinnik, M.  (509.9s)
[18] OK  Alekhine, Alexander - Mikenas, Vladas  (623.7s)
[19] OK  Morphy, Paul - Anderssen, Adolf  (125.7s)
[20] OK  Bird, Henry - Mason, J.  (378.4s)
[21] OK  Paulsen, Louis - Morphy, Paul  (291.9s)
[22] OK  Rosanes, J. - Anderssen, Adolf  (288.5s)
[23] OK  Anderssen, Adolf - Dufresne, Jean  (294.8s)

Done: 19/19 games successfully analyzed (attempted 23).
Wrote summary for 24 games.
